Microchip MPLAB XC8 Compiler V1.37 ()

Linker command line:

-W-3 --edf=G:\Program Files (x86)\Microchip\xc8\v1.37\dat\en_msgs.txt -cs \
  -h+dist/default/production\PICHPV02.X.production.sym \
  --cmf=dist/default/production\PICHPV02.X.production.cmf -z -Q16F73 \
  -oC:\Users\huang\AppData\Local\Temp\s42c.2 \
  -Mdist/default/production/PICHPV02.X.production.map -E1 -ver=XC8 \
  -ASTACK=0B0h-0fdh -pstack=STACK -ACODE=00h-07FFhx2 -ASTRCODE=00h-0FFFh \
  -ASTRING=00h-0FFhx16 -ACONST=00h-0FFhx16 -AENTRY=00h-0FFhx16 \
  -ABANK0=020h-07Dh -ABANK1=0A0h-0FDh -ARAM=020h-07Dh,0A0h-0FDh \
  -AABS1=020h-07Fh,0A0h-0FFh -ACOMMON=07Eh-07Fh -ASFR0=00h-01Fh \
  -ASFR1=080h-09Fh -ASFR2=0100h-017Dh -ASFR3=0180h-01FDh \
  -preset_vec=00h,intentry=04h,init,end_init -ppowerup=CODE -pcinit=CODE \
  -pfunctab=CODE -ACONFIG=02007h-02007h -pconfig=CONFIG -DCONFIG=2 \
  -AIDLOC=02000h-02003h -pidloc=IDLOC -DIDLOC=2 -DCODE=2 -DSTRCODE=2 \
  -DSTRING=2 -DCONST=2 -DENTRY=2 -k \
  C:\Users\huang\AppData\Local\Temp\s42c.obj \
  dist/default/production\PICHPV02.X.production.obj 

Object code version is 3.11

Machine type is 16F73



                Name                               Link     Load   Length Selector   Space Scale
C:\Users\huang\AppData\Local\Temp\s42c.obj
                end_init                             11       11        2        8       0
                reset_vec                             0        0        2        0       0
                config                             2007     2007        1     400E       0
dist/default/production\PICHPV02.X.production.obj
                cinit                                13       13       23        8       0
                intentry                              4        4        D        8       0
                text28                              A39      A39       1A     1472       0
                text27                              A53      A53       1D     14A6       0
                text26                              B5C      B5C       4F     16B8       0
                text25                              A21      A21       18     1442       0
                text24                              AAE      AAE       23     155C       0
                text23                              BAB      BAB       5B     1756       0
                text22                              E70      E70       BE     1CE0       0
                text21                               F6       F6        A        8       0
                text20                              F2E      F2E       D2     1E5C       0
                text19                              C61      C61       5C     18C2       0
                text18                               36       36       C0        8       0
                text17                              A01      A01       10     1402       0
                text16                              534      534      103      5E8       0
                text15                              9E7      9E7        6     13CE       0
                text14                              A8D      A8D       21     151A       0
                text13                              C06      C06       5B     180C       0
                text12                              CBD      CBD       6E     197A       0
                text11                              AF4      AF4       24     15E8       0
                text10                              42C      42C      108      5E8       0
                text9                               DB9      DB9       B7     1B72       0
                text8                               72B      72B       D2      5E8       0
                text7                               D2B      D2B       8E     1A56       0
                text6                               A70      A70       1D     14E0       0
                text5                               AD1      AD1       23     15A2       0
                text4                               2F4      2F4      138      5E8       0
                text3                               637      637       F4      5E8       0
                text2                               A11      A11       10     1422       0
                text1                               9F5      9F5        C     13EA       0
                maintext                            B18      B18       44     1630       0
                cstackBANK0                          20       20       36       20       1
                clrtext                             9ED      9ED        8     13DA       0
                bssBANK1                             A0       A0       10       A0       1
                dataBANK0                            71       71        5       20       1
                bssBANK0                             56       56       1B       20       1
                stringtext                          100      100      1F4        2       0
                idataBANK0                          9E2      9E2        5     13C4       0

TOTAL           Name                               Link     Load   Length     Space
        CLASS   STACK          

        CLASS   CODE           
                end_init                             11       11        2         0
                cinit                                13       13       23         0
                intentry                              4        4        D         0
                reset_vec                             0        0        2         0
                text28                              A39      A39       1A         0
                text27                              A53      A53       1D         0
                text26                              B5C      B5C       4F         0
                text25                              A21      A21       18         0
                text24                              AAE      AAE       23         0
                text23                              BAB      BAB       5B         0
                text22                              E70      E70       BE         0
                text21                               F6       F6        A         0
                text20                              F2E      F2E       D2         0
                text19                              C61      C61       5C         0
                text18                               36       36       C0         0
                text17                              A01      A01       10         0
                text16                              534      534      103         0
                text15                              9E7      9E7        6         0
                text14                              A8D      A8D       21         0
                text13                              C06      C06       5B         0
                text12                              CBD      CBD       6E         0
                text11                              AF4      AF4       24         0
                text10                              42C      42C      108         0
                text9                               DB9      DB9       B7         0
                text8                               72B      72B       D2         0
                text7                               D2B      D2B       8E         0
                text6                               A70      A70       1D         0
                text5                               AD1      AD1       23         0
                text4                               2F4      2F4      138         0
                text3                               637      637       F4         0
                text2                               A11      A11       10         0
                text1                               9F5      9F5        C         0
                maintext                            B18      B18       44         0
                clrtext                             9ED      9ED        8         0
                idataBANK0                          9E2      9E2        5         0

        CLASS   STRCODE        
                stringtext                          100      100      1F4         0

        CLASS   STRING         

        CLASS   CONST          

        CLASS   ENTRY          

        CLASS   BANK0          
                cstackBANK0                          20       20       36         1
                dataBANK0                            71       71        5         1
                bssBANK0                             56       56       1B         1

        CLASS   BANK1          
                bssBANK1                             A0       A0       10         1

        CLASS   RAM            

        CLASS   ABS1           
                abs_s1                               7E       7E        2         1

        CLASS   COMMON         

        CLASS   SFR0           

        CLASS   SFR1           

        CLASS   SFR2           

        CLASS   SFR3           

        CLASS   CONFIG         
                config                             2007     2007        1         0

        CLASS   IDLOC          

        CLASS   BANK3          

        CLASS   BANK2          

        CLASS   EEDATA         



SEGMENTS        Name                           Load    Length   Top    Selector   Space  Class     Delta

                reset_vec                      000000  000002  000002         0       0  CODE        2
                intentry                       000004  0000FC  000100         8       0  CODE        2
                cstackBANK0                    000020  000056  000076        20       1  BANK0       1
                bssBANK1                       0000A0  000010  0000B0        A0       1  BANK1       1
                stringtext                     000100  0001F4  0002F4         2       0  STRCODE     2
                text4                          0002F4  000509  0007FD       5E8       0  CODE        2
                idataBANK0                     0009E2  000005  0009E7      13C4       0  CODE        2
                text15                         0009E7  000006  0009ED      13CE       0  CODE        2
                clrtext                        0009ED  000008  0009F5      13DA       0  CODE        2
                text1                          0009F5  00000C  000A01      13EA       0  CODE        2
                text17                         000A01  000010  000A11      1402       0  CODE        2
                text2                          000A11  000010  000A21      1422       0  CODE        2
                text25                         000A21  000018  000A39      1442       0  CODE        2
                text28                         000A39  00001A  000A53      1472       0  CODE        2
                text27                         000A53  00001D  000A70      14A6       0  CODE        2
                text6                          000A70  00001D  000A8D      14E0       0  CODE        2
                text14                         000A8D  000021  000AAE      151A       0  CODE        2
                text24                         000AAE  000023  000AD1      155C       0  CODE        2
                text5                          000AD1  000023  000AF4      15A2       0  CODE        2
                text11                         000AF4  000024  000B18      15E8       0  CODE        2
                maintext                       000B18  000044  000B5C      1630       0  CODE        2
                text26                         000B5C  00004F  000BAB      16B8       0  CODE        2
                text23                         000BAB  00005B  000C06      1756       0  CODE        2
                text13                         000C06  00005B  000C61      180C       0  CODE        2
                text19                         000C61  00005C  000CBD      18C2       0  CODE        2
                text12                         000CBD  00006E  000D2B      197A       0  CODE        2
                text7                          000D2B  00008E  000DB9      1A56       0  CODE        2
                text9                          000DB9  0000B7  000E70      1B72       0  CODE        2
                text22                         000E70  0000BE  000F2E      1CE0       0  CODE        2
                text20                         000F2E  0000D2  001000      1E5C       0  CODE        2
                config                         002007  000001  002008      400E       0  CONFIG      2


UNUSED ADDRESS RANGES

        Name                Unused          Largest block    Delta
        BANK0            0076-007D              8           1
        BANK1            00B0-00FD             4E           1
        CODE             0002-0003              2           2
                         07FD-09E1              3
        CONST            0002-0003              2           2
                         07FD-09E1            100
        ENTRY            0002-0003              2           2
                         07FD-09E1            100
        IDLOC            2000-2003              4           2
        RAM              0076-007D              8           1
                         00B0-00FD             4E
        SFR0             0000-001F             20           1
        SFR1             0080-009F             20           1
        SFR2             0100-017D             7E           1
        SFR3             0180-01FD             7E           1
        STACK            00B0-00FD             4E           1
        STRCODE          0002-0003              2           2
                         07FD-09E1            1E5
        STRING           0002-0003              2           2
                         07FD-09E1            100

                                  Symbol Table

?___awdiv                cstackBANK0  002B
?___awtoft               cstackBANK0  002D
?___ftadd                cstackBANK0  002D
?___ftdiv                cstackBANK0  0035
?___ftmul                cstackBANK0  002D
?___ftpack               cstackBANK0  0025
?___fttol                cstackBANK0  003A
?___lbtoft               cstackBANK0  002D
?___wmul                 cstackBANK0  0025
?_abs                    cstackBANK0  0025
ADC@x                    cstackBANK0  002B
DriveEEV@x               cstackBANK0  002E
DriveTime@i              cstackBANK0  0031
TEMPADC@temmmp           cstackBANK0  0051
TEMPADC@temmp2           cstackBANK0  0053
TEMPADC@uwAdcSample      cstackBANK0  0052
UART_SendByte@dat        cstackBANK0  0025
_ADC                     text14       0A8D
_ADCON0                  (abs)        001F
_ADCON0bits              (abs)        001F
_ADCON1                  (abs)        009F
_ADON                    (abs)        00F8
_ADRES                   (abs)        001E
_Clock                   dataBANK0    0073
_CountClk                text26       0B5C
_CountMin                text25       0A21
_DriveEEV                text22       0E70
_DriveRelay              text27       0A53
_DriveTime               text20       0F2E
_EEVSTEP                 dataBANK0    0071
_GIE                     (abs)        005F
_GO                      (abs)        00FA
_HPOuUnit                text18       0036
_HPShut                  text19       0C61
_HPSystem                text15       09E7
_HPstart                 text16       0534
_INTE                    (abs)        005C
_ISR                     text28       0A39
_InterTimes              dataBANK0    0074
_Judge                   bssBANK0     005F
_Minutes                 dataBANK0    0075
_PEIE                    (abs)        005E
_PORTB                   (abs)        0006
_PORTCBIT                (abs)        0007
_PSA                     (abs)        040B
_RB0                     (abs)        0030
_RB1                     (abs)        0031
_RB2                     (abs)        0032
_RB4                     (abs)        0034
_RB5                     (abs)        0035
_RB6                     (abs)        0036
_RB7                     (abs)        0037
_RBIE                    (abs)        005B
_RC4                     (abs)        003C
_RCIE                    (abs)        0465
_RCSTA                   (abs)        0018
_RelayS                  bssBANK0     006F
_SPBRG                   (abs)        0099
_STEP                    stringtext   02E4
_SysErr                  bssBANK0     0061
_T                       bssBANK1     00A0
_T0CS                    (abs)        040D
_T0IE                    (abs)        005D
_T0IF                    (abs)        005A
_TEMPADC                 text4        02F4
_TM                      bssBANK0     0056
_TMR0                    (abs)        0001
_TMR0IF                  (abs)        005A
_TRISA                   (abs)        0085
_TRISB                   (abs)        0086
_TRISC                   (abs)        0087
_TRMT                    (abs)        04C1
_TXREG                   (abs)        0019
_TXSTA                   (abs)        0098
_UART_SendByte           text21       00F6
__CFG_BOREN$OFF          (abs)        0000
__CFG_CP$ON              (abs)        0000
__CFG_FOSC$XT            (abs)        0000
__CFG_PWRTE$ON           (abs)        0000
__CFG_WDTE$OFF           (abs)        0000
__Habs1                  abs1         0000
__Hbank0                 bank0        0000
__Hbank1                 bank1        0000
__Hbank2                 bank2        0000
__Hbank3                 bank3        0000
__HbssBANK0              bssBANK0     0000
__HbssBANK1              bssBANK1     0000
__Hcinit                 cinit        0036
__Hclrtext               clrtext      0000
__Hcode                  code         0000
__Hcommon                common       0000
__Hconfig                config       2008
__HcstackBANK0           cstackBANK0  0000
__HcstackCOMMON          cstackCOMMON 0000
__HdataBANK0             dataBANK0    0000
__Heeprom_data           eeprom_data  0000
__Hend_init              end_init     0013
__Hfunctab               functab      0000
__HidataBANK0            idataBANK0   0000
__Hidloc                 idloc        0000
__Hinit                  init         0011
__Hintentry              intentry     0011
__Hmaintext              maintext     0000
__Hpowerup               powerup      0000
__Hram                   ram          0000
__Hreset_vec             reset_vec    0002
__Hsfr0                  sfr0         0000
__Hsfr1                  sfr1         0000
__Hsfr2                  sfr2         0000
__Hsfr3                  sfr3         0000
__Hspace_0               (abs)        2008
__Hspace_1               (abs)        00B0
__Hspace_2               (abs)        0000
__Hspace_3               (abs)        0000
__Hstack                 stack        0000
__Hstrings               strings      0000
__Hstringtext            stringtext   0000
__Htext                  text         0000
__Labs1                  abs1         0000
__Lbank0                 bank0        0000
__Lbank1                 bank1        0000
__Lbank2                 bank2        0000
__Lbank3                 bank3        0000
__LbssBANK0              bssBANK0     0000
__LbssBANK1              bssBANK1     0000
__Lcinit                 cinit        0013
__Lclrtext               clrtext      0000
__Lcode                  code         0000
__Lcommon                common       0000
__Lconfig                config       2007
__LcstackBANK0           cstackBANK0  0000
__LcstackCOMMON          cstackCOMMON 0000
__LdataBANK0             dataBANK0    0000
__Leeprom_data           eeprom_data  0000
__Lend_init              end_init     0011
__Lfunctab               functab      0000
__LidataBANK0            idataBANK0   0000
__Lidloc                 idloc        0000
__Linit                  init         0011
__Lintentry              intentry     0004
__Lmaintext              maintext     0000
__Lpowerup               powerup      0000
__Lram                   ram          0000
__Lreset_vec             reset_vec    0000
__Lsfr0                  sfr0         0000
__Lsfr1                  sfr1         0000
__Lsfr2                  sfr2         0000
__Lsfr3                  sfr3         0000
__Lspace_0               (abs)        0000
__Lspace_1               (abs)        0000
__Lspace_2               (abs)        0000
__Lspace_3               (abs)        0000
__Lstack                 stack        0000
__Lstrings               strings      0000
__Lstringtext            stringtext   0000
__Ltext                  text         0000
__S0                     (abs)        2008
__S1                     (abs)        00B0
__S2                     (abs)        0000
___awdiv                 text13       0C06
___awdiv@counter         cstackBANK0  0030
___awdiv@dividend        cstackBANK0  002D
___awdiv@divisor         cstackBANK0  002B
___awdiv@quotient        cstackBANK0  0032
___awdiv@sign            cstackBANK0  0031
___awtoft                text11       0AF4
___awtoft@c              cstackBANK0  002D
___awtoft@sign           cstackBANK0  0032
___ftadd                 text10       042C
___ftadd@exp1            cstackBANK0  0039
___ftadd@exp2            cstackBANK0  0038
___ftadd@f1              cstackBANK0  002D
___ftadd@f2              cstackBANK0  0030
___ftadd@sign            cstackBANK0  0037
___ftdiv                 text9        0DB9
___ftdiv@cntr            cstackBANK0  003F
___ftdiv@exp             cstackBANK0  0043
___ftdiv@f1              cstackBANK0  0038
___ftdiv@f2              cstackBANK0  0035
___ftdiv@f3              cstackBANK0  0040
___ftdiv@sign            cstackBANK0  0044
___ftmul                 text8        072B
___ftmul@cntr            cstackBANK0  003B
___ftmul@exp             cstackBANK0  0037
___ftmul@f1              cstackBANK0  002D
___ftmul@f2              cstackBANK0  0030
___ftmul@f3_as_product   cstackBANK0  0038
___ftmul@sign            cstackBANK0  003C
___ftpack                text12       0CBD
___ftpack@arg            cstackBANK0  0025
___ftpack@exp            cstackBANK0  0028
___ftpack@sign           cstackBANK0  0029
___fttol                 text7        0D2B
___fttol@exp1            cstackBANK0  0047
___fttol@f1              cstackBANK0  003A
___fttol@lval            cstackBANK0  0043
___fttol@sign1           cstackBANK0  0042
___int_sp                stack        0000
___latbits               (abs)        0001
___lbtoft                text6        0A70
___lbtoft@c              cstackBANK0  0034
___sp                    stack        0000
___wmul                  text5        0AD1
___wmul@multiplicand     cstackBANK0  0027
___wmul@multiplier       cstackBANK0  0025
___wmul@product          cstackBANK0  0029
__end_of_ADC             text14       0AAE
__end_of_CountClk        text26       0BAB
__end_of_CountMin        text25       0A39
__end_of_DriveEEV        text22       0F2E
__end_of_DriveRelay      text27       0A70
__end_of_DriveTime       text20       1000
__end_of_HPOuUnit        text18       00F6
__end_of_HPShut          text19       0CBD
__end_of_HPSystem        text15       09ED
__end_of_HPstart         text16       0637
__end_of_ISR             text28       0A53
__end_of_STEP            stringtext   02F4
__end_of_TEMPADC         text4        042C
__end_of_UART_SendByte   text21       0100
__end_of___awdiv         text13       0C61
__end_of___awtoft        text11       0B18
__end_of___ftadd         text10       0534
__end_of___ftdiv         text9        0E70
__end_of___ftmul         text8        07FD
__end_of___ftpack        text12       0D2B
__end_of___fttol         text7        0DB9
__end_of___lbtoft        text6        0A8D
__end_of___wmul          text5        0AF4
__end_of__initialization cinit        0033
__end_of__stringtab      stringtext   0112
__end_of_abs             text17       0A11
__end_of_delay2ms        text24       0AD1
__end_of_eevdriver       text23       0C06
__end_of_eevinit         text3        072B
__end_of_fkTempTab       stringtext   02E4
__end_of_main            maintext     0B5C
__end_of_serial_init     text2        0A21
__end_of_timer0_init     text1        0A01
__initialization         cinit        0013
__pbssBANK0              bssBANK0     0056
__pbssBANK1              bssBANK1     00A0
__pcstackBANK0           cstackBANK0  0020
__pcstackCOMMON          cstackCOMMON 0000
__pdataBANK0             dataBANK0    0071
__pidataBANK0            idataBANK0   09E2
__pintentry              intentry     0004
__pmaintext              maintext     0B18
__pstringtext            stringtext   0100
__ptext1                 text1        09F5
__ptext10                text10       042C
__ptext11                text11       0AF4
__ptext12                text12       0CBD
__ptext13                text13       0C06
__ptext14                text14       0A8D
__ptext15                text15       09E7
__ptext16                text16       0534
__ptext17                text17       0A01
__ptext18                text18       0036
__ptext19                text19       0C61
__ptext2                 text2        0A11
__ptext20                text20       0F2E
__ptext21                text21       00F6
__ptext22                text22       0E70
__ptext23                text23       0BAB
__ptext24                text24       0AAE
__ptext25                text25       0A21
__ptext26                text26       0B5C
__ptext27                text27       0A53
__ptext28                text28       0A39
__ptext3                 text3        0637
__ptext4                 text4        02F4
__ptext5                 text5        0AD1
__ptext6                 text6        0A70
__ptext7                 text7        0D2B
__ptext8                 text8        072B
__ptext9                 text9        0DB9
__size_of_ADC            (abs)        0000
__size_of_CountClk       (abs)        0000
__size_of_CountMin       (abs)        0000
__size_of_DriveEEV       (abs)        0000
__size_of_DriveRelay     (abs)        0000
__size_of_DriveTime      (abs)        0000
__size_of_HPOuUnit       (abs)        0000
__size_of_HPShut         (abs)        0000
__size_of_HPSystem       (abs)        0000
__size_of_HPstart        (abs)        0000
__size_of_ISR            (abs)        0000
__size_of_TEMPADC        (abs)        0000
__size_of_UART_SendByte  (abs)        0000
__size_of___awdiv        (abs)        0000
__size_of___awtoft       (abs)        0000
__size_of___ftadd        (abs)        0000
__size_of___ftdiv        (abs)        0000
__size_of___ftmul        (abs)        0000
__size_of___ftpack       (abs)        0000
__size_of___fttol        (abs)        0000
__size_of___lbtoft       (abs)        0000
__size_of___wmul         (abs)        0000
__size_of_abs            (abs)        0000
__size_of_delay2ms       (abs)        0000
__size_of_eevdriver      (abs)        0000
__size_of_eevinit        (abs)        0000
__size_of_main           (abs)        0000
__size_of_serial_init    (abs)        0000
__size_of_timer0_init    (abs)        0000
__stringbase             stringtext   0112
__stringtab              stringtext   0100
_abs                     text17       0A01
_adcc                    bssBANK0     0063
_delay2ms                text24       0AAE
_ee                      bssBANK0     0065
_eevdriver               text23       0BAB
_eevinit                 text3        0637
_ff                      bssBANK0     0067
_fkTempTab               stringtext   0112
_main                    maintext     0B18
_nRBPU                   (abs)        040F
_serial_init             text2        0A11
_stepcount               bssBANK0     0069
_t1                      bssBANK0     006B
_t2                      bssBANK0     006D
_temp1                   bssBANK0     0070
_timer0_init             text1        09F5
abs@a                    cstackBANK0  0025
btemp                    (abs)        007E
clear_ram0               clrtext      09ED
delay2ms@a               cstackBANK0  0027
delay2ms@b               cstackBANK0  0029
delay2ms@x               cstackBANK0  0025
eevdriver@stepx          cstackBANK0  002A
eevdriver@x              cstackBANK0  0025
eevinit@i                cstackBANK0  0031
end_of_initialization    cinit        0033
interrupt_function       intentry     0004
intlevel0                functab      0000
intlevel1                functab      0000
intlevel2                functab      0000
intlevel3                functab      0000
intlevel4                functab      0000
intlevel5                functab      0000
ltemp                    (abs)        007E
ltemp0                   (abs)        007E
ltemp1                   (abs)        0082
ltemp2                   (abs)        0086
ltemp3                   (abs)        0080
reset_vec                reset_vec    0000
saved_w                  (abs)        007E
stackhi                  (abs)        0000
stacklo                  (abs)        0000
start                    init         0011
start_initialization     cinit        0013
ttemp                    (abs)        007E
ttemp0                   (abs)        007E
ttemp1                   (abs)        0081
ttemp2                   (abs)        0084
ttemp3                   (abs)        0087
ttemp4                   (abs)        007F
wtemp                    (abs)        007E
wtemp0                   (abs)        007E
wtemp1                   (abs)        0080
wtemp2                   (abs)        0082
wtemp3                   (abs)        0084
wtemp4                   (abs)        0086
wtemp5                   (abs)        0088
wtemp6                   (abs)        007F


FUNCTION INFORMATION:

 *************** function _main *****************
 Defined at:
		line 128 in file "../main.c"
 Parameters:    Size  Location     Type
		None
 Auto vars:     Size  Location     Type
		None
 Return value:  Size  Location     Type
                  2  241[None  ] int 
 Registers used:
		wreg, fsr0l, fsr0h, status,2, status,0, btemp+1, pclath, cstack
 Tracked objects:
		On entry : 
		On exit  : 
		Unchanged: 
 Data sizes:     COMMON   BANK0   BANK1
      Params:         0       0       0
      Locals:         0       0       0
      Temps:          0       0       0
      Totals:         0       0       0
Total ram usage:        0 bytes
 Hardware stack levels required when called:    5
 This function calls:
		_DriveRelay
		_DriveTime
		_HPSystem
		_TEMPADC
		_eevinit
		_serial_init
		_timer0_init
 This function is called by:
		Startup code after reset
 This function uses a non-reentrant model


 *************** function _timer0_init *****************
 Defined at:
		line 71 in file "../main.c"
 Parameters:    Size  Location     Type
		None
 Auto vars:     Size  Location     Type
		None
 Return value:  Size  Location     Type
                  1    wreg      void 
 Registers used:
		wreg
 Tracked objects:
		On entry : 
		On exit  : 
		Unchanged: 
 Data sizes:     COMMON   BANK0   BANK1
      Params:         0       0       0
      Locals:         0       0       0
      Temps:          0       0       0
      Totals:         0       0       0
Total ram usage:        0 bytes
 Hardware stack levels used:    1
 Hardware stack levels required when called:    1
 This function calls:
		Nothing
 This function is called by:
		_main
 This function uses a non-reentrant model


 *************** function _serial_init *****************
 Defined at:
		line 115 in file "../main.c"
 Parameters:    Size  Location     Type
		None
 Auto vars:     Size  Location     Type
		None
 Return value:  Size  Location     Type
                  1    wreg      void 
 Registers used:
		wreg
 Tracked objects:
		On entry : 
		On exit  : 
		Unchanged: 
 Data sizes:     COMMON   BANK0   BANK1
      Params:         0       0       0
      Locals:         0       0       0
      Temps:          0       0       0
      Totals:         0       0       0
Total ram usage:        0 bytes
 Hardware stack levels used:    1
 Hardware stack levels required when called:    1
 This function calls:
		Nothing
 This function is called by:
		_main
 This function uses a non-reentrant model


 *************** function _eevinit *****************
 Defined at:
		line 34 in file "../eev.c"
 Parameters:    Size  Location     Type
		None
 Auto vars:     Size  Location     Type
  i               2   17[BANK0 ] int 
 Return value:  Size  Location     Type
                  1    wreg      void 
 Registers used:
		wreg, fsr0l, fsr0h, status,2, status,0, btemp+1, pclath, cstack
 Tracked objects:
		On entry : 
		On exit  : 
		Unchanged: 
 Data sizes:     COMMON   BANK0   BANK1
      Params:         0       0       0
      Locals:         0       2       0
      Temps:          0       5       0
      Totals:         0       7       0
Total ram usage:        7 bytes
 Hardware stack levels used:    1
 Hardware stack levels required when called:    3
 This function calls:
		_delay2ms
		_eevdriver
 This function is called by:
		_main
 This function uses a non-reentrant model


 *************** function _TEMPADC *****************
 Defined at:
		line 192 in file "../main.c"
 Parameters:    Size  Location     Type
		None
 Auto vars:     Size  Location     Type
  temmp2          3   51[BANK0 ] void 
  temmmp          1   49[BANK0 ] unsigned char 
  uwAdcSample     1   50[BANK0 ] unsigned char 
 Return value:  Size  Location     Type
                  1    wreg      void 
 Registers used:
		wreg, fsr0l, fsr0h, status,2, status,0, btemp+1, pclath, cstack
 Tracked objects:
		On entry : 
		On exit  : 
		Unchanged: 
 Data sizes:     COMMON   BANK0   BANK1
      Params:         0       0       0
      Locals:         0       5       0
      Temps:          0       9       0
      Totals:         0      14       0
Total ram usage:       14 bytes
 Hardware stack levels used:    1
 Hardware stack levels required when called:    3
 This function calls:
		_ADC
		___awdiv
		___awtoft
		___ftadd
		___ftdiv
		___ftmul
		___fttol
		___lbtoft
		___wmul
 This function is called by:
		_main
 This function uses a non-reentrant model


 *************** function ___wmul *****************
 Defined at:
		line 15 in file "G:\Program Files (x86)\Microchip\xc8\v1.37\sources\common\Umul16.c"
 Parameters:    Size  Location     Type
  multiplier      2    5[BANK0 ] unsigned int 
  multiplicand    2    7[BANK0 ] unsigned int 
 Auto vars:     Size  Location     Type
  product         2    9[BANK0 ] unsigned int 
 Return value:  Size  Location     Type
                  2    5[BANK0 ] unsigned int 
 Registers used:
		wreg, status,2, status,0
 Tracked objects:
		On entry : 
		On exit  : 
		Unchanged: 
 Data sizes:     COMMON   BANK0   BANK1
      Params:         0       4       0
      Locals:         0       2       0
      Temps:          0       0       0
      Totals:         0       6       0
Total ram usage:        6 bytes
 Hardware stack levels used:    1
 Hardware stack levels required when called:    1
 This function calls:
		Nothing
 This function is called by:
		_TEMPADC
 This function uses a non-reentrant model


 *************** function ___lbtoft *****************
 Defined at:
		line 27 in file "G:\Program Files (x86)\Microchip\xc8\v1.37\sources\common\lbtoft.c"
 Parameters:    Size  Location     Type
  c               1    wreg     unsigned char 
 Auto vars:     Size  Location     Type
  c               1   20[BANK0 ] unsigned char 
 Return value:  Size  Location     Type
                  3   13[BANK0 ] float 
 Registers used:
		wreg, status,2, status,0, pclath, cstack
 Tracked objects:
		On entry : 
		On exit  : 
		Unchanged: 
 Data sizes:     COMMON   BANK0   BANK1
      Params:         0       3       0
      Locals:         0       1       0
      Temps:          0       4       0
      Totals:         0       8       0
Total ram usage:        8 bytes
 Hardware stack levels used:    1
 Hardware stack levels required when called:    2
 This function calls:
		___ftpack
 This function is called by:
		_TEMPADC
 This function uses a non-reentrant model


 *************** function ___fttol *****************
 Defined at:
		line 44 in file "G:\Program Files (x86)\Microchip\xc8\v1.37\sources\common\fttol.c"
 Parameters:    Size  Location     Type
  f1              3   26[BANK0 ] float 
 Auto vars:     Size  Location     Type
  lval            4   35[BANK0 ] unsigned long 
  exp1            1   39[BANK0 ] unsigned char 
  sign1           1   34[BANK0 ] unsigned char 
 Return value:  Size  Location     Type
                  4   26[BANK0 ] long 
 Registers used:
		wreg, status,2, status,0
 Tracked objects:
		On entry : 
		On exit  : 
		Unchanged: 
 Data sizes:     COMMON   BANK0   BANK1
      Params:         0       4       0
      Locals:         0       6       0
      Temps:          0       4       0
      Totals:         0      14       0
Total ram usage:       14 bytes
 Hardware stack levels used:    1
 Hardware stack levels required when called:    1
 This function calls:
		Nothing
 This function is called by:
		_TEMPADC
 This function uses a non-reentrant model


 *************** function ___ftmul *****************
 Defined at:
		line 62 in file "G:\Program Files (x86)\Microchip\xc8\v1.37\sources\common\ftmul.c"
 Parameters:    Size  Location     Type
  f1              3   13[BANK0 ] float 
  f2              3   16[BANK0 ] float 
 Auto vars:     Size  Location     Type
  f3_as_produc    3   24[BANK0 ] unsigned um
  sign            1   28[BANK0 ] unsigned char 
  cntr            1   27[BANK0 ] unsigned char 
  exp             1   23[BANK0 ] unsigned char 
 Return value:  Size  Location     Type
                  3   13[BANK0 ] float 
 Registers used:
		wreg, status,2, status,0, pclath, cstack
 Tracked objects:
		On entry : 
		On exit  : 
		Unchanged: 
 Data sizes:     COMMON   BANK0   BANK1
      Params:         0       6       0
      Locals:         0       6       0
      Temps:          0       4       0
      Totals:         0      16       0
Total ram usage:       16 bytes
 Hardware stack levels used:    1
 Hardware stack levels required when called:    2
 This function calls:
		___ftpack
 This function is called by:
		_TEMPADC
 This function uses a non-reentrant model


 *************** function ___ftdiv *****************
 Defined at:
		line 56 in file "G:\Program Files (x86)\Microchip\xc8\v1.37\sources\common\ftdiv.c"
 Parameters:    Size  Location     Type
  f2              3   21[BANK0 ] float 
  f1              3   24[BANK0 ] float 
 Auto vars:     Size  Location     Type
  f3              3   32[BANK0 ] float 
  sign            1   36[BANK0 ] unsigned char 
  exp             1   35[BANK0 ] unsigned char 
  cntr            1   31[BANK0 ] unsigned char 
 Return value:  Size  Location     Type
                  3   21[BANK0 ] float 
 Registers used:
		wreg, status,2, status,0, pclath, cstack
 Tracked objects:
		On entry : 
		On exit  : 
		Unchanged: 
 Data sizes:     COMMON   BANK0   BANK1
      Params:         0       6       0
      Locals:         0       6       0
      Temps:          0       4       0
      Totals:         0      16       0
Total ram usage:       16 bytes
 Hardware stack levels used:    1
 Hardware stack levels required when called:    2
 This function calls:
		___ftpack
 This function is called by:
		_TEMPADC
 This function uses a non-reentrant model


 *************** function ___ftadd *****************
 Defined at:
		line 86 in file "G:\Program Files (x86)\Microchip\xc8\v1.37\sources\common\ftadd.c"
 Parameters:    Size  Location     Type
  f1              3   13[BANK0 ] float 
  f2              3   16[BANK0 ] float 
 Auto vars:     Size  Location     Type
  exp1            1   25[BANK0 ] unsigned char 
  exp2            1   24[BANK0 ] unsigned char 
  sign            1   23[BANK0 ] unsigned char 
 Return value:  Size  Location     Type
                  3   13[BANK0 ] float 
 Registers used:
		wreg, status,2, status,0, pclath, cstack
 Tracked objects:
		On entry : 
		On exit  : 
		Unchanged: 
 Data sizes:     COMMON   BANK0   BANK1
      Params:         0       6       0
      Locals:         0       3       0
      Temps:          0       4       0
      Totals:         0      13       0
Total ram usage:       13 bytes
 Hardware stack levels used:    1
 Hardware stack levels required when called:    2
 This function calls:
		___ftpack
 This function is called by:
		_TEMPADC
 This function uses a non-reentrant model


 *************** function ___awtoft *****************
 Defined at:
		line 32 in file "G:\Program Files (x86)\Microchip\xc8\v1.37\sources\common\awtoft.c"
 Parameters:    Size  Location     Type
  c               2   13[BANK0 ] int 
 Auto vars:     Size  Location     Type
  sign            1   18[BANK0 ] unsigned char 
 Return value:  Size  Location     Type
                  3   13[BANK0 ] float 
 Registers used:
		wreg, status,2, status,0, pclath, cstack
 Tracked objects:
		On entry : 
		On exit  : 
		Unchanged: 
 Data sizes:     COMMON   BANK0   BANK1
      Params:         0       3       0
      Locals:         0       1       0
      Temps:          0       2       0
      Totals:         0       6       0
Total ram usage:        6 bytes
 Hardware stack levels used:    1
 Hardware stack levels required when called:    2
 This function calls:
		___ftpack
 This function is called by:
		_TEMPADC
 This function uses a non-reentrant model


 *************** function ___ftpack *****************
 Defined at:
		line 62 in file "G:\Program Files (x86)\Microchip\xc8\v1.37\sources\common\float.c"
 Parameters:    Size  Location     Type
  arg             3    5[BANK0 ] unsigned um
  exp             1    8[BANK0 ] unsigned char 
  sign            1    9[BANK0 ] unsigned char 
 Auto vars:     Size  Location     Type
		None
 Return value:  Size  Location     Type
                  3    5[BANK0 ] float 
 Registers used:
		wreg, status,2, status,0
 Tracked objects:
		On entry : 
		On exit  : 
		Unchanged: 
 Data sizes:     COMMON   BANK0   BANK1
      Params:         0       5       0
      Locals:         0       0       0
      Temps:          0       3       0
      Totals:         0       8       0
Total ram usage:        8 bytes
 Hardware stack levels used:    1
 Hardware stack levels required when called:    1
 This function calls:
		Nothing
 This function is called by:
		___awtoft
		___ftadd
		___ftdiv
		___ftmul
		___lbtoft
 This function uses a non-reentrant model


 *************** function ___awdiv *****************
 Defined at:
		line 6 in file "G:\Program Files (x86)\Microchip\xc8\v1.37\sources\common\awdiv.c"
 Parameters:    Size  Location     Type
  divisor         2   11[BANK0 ] int 
  dividend        2   13[BANK0 ] int 
 Auto vars:     Size  Location     Type
  quotient        2   18[BANK0 ] int 
  sign            1   17[BANK0 ] unsigned char 
  counter         1   16[BANK0 ] unsigned char 
 Return value:  Size  Location     Type
                  2   11[BANK0 ] int 
 Registers used:
		wreg, status,2, status,0
 Tracked objects:
		On entry : 
		On exit  : 
		Unchanged: 
 Data sizes:     COMMON   BANK0   BANK1
      Params:         0       4       0
      Locals:         0       4       0
      Temps:          0       1       0
      Totals:         0       9       0
Total ram usage:        9 bytes
 Hardware stack levels used:    1
 Hardware stack levels required when called:    1
 This function calls:
		Nothing
 This function is called by:
		_TEMPADC
 This function uses a non-reentrant model


 *************** function _ADC *****************
 Defined at:
		line 55 in file "../main.c"
 Parameters:    Size  Location     Type
  x               2   11[BANK0 ] int 
 Auto vars:     Size  Location     Type
		None
 Return value:  Size  Location     Type
                  1    wreg      unsigned char 
 Registers used:
		wreg, status,2, status,0, pclath, cstack
 Tracked objects:
		On entry : 
		On exit  : 
		Unchanged: 
 Data sizes:     COMMON   BANK0   BANK1
      Params:         0       2       0
      Locals:         0       0       0
      Temps:          0       1       0
      Totals:         0       3       0
Total ram usage:        3 bytes
 Hardware stack levels used:    1
 Hardware stack levels required when called:    2
 This function calls:
		_delay2ms
 This function is called by:
		_TEMPADC
 This function uses a non-reentrant model


 *************** function _HPSystem *****************
 Defined at:
		line 165 in file "../HPsystem.c"
 Parameters:    Size  Location     Type
		None
 Auto vars:     Size  Location     Type
		None
 Return value:  Size  Location     Type
                  1    wreg      void 
 Registers used:
		wreg, fsr0l, fsr0h, status,2, status,0, btemp+1, pclath, cstack
 Tracked objects:
		On entry : 
		On exit  : 
		Unchanged: 
 Data sizes:     COMMON   BANK0   BANK1
      Params:         0       0       0
      Locals:         0       0       0
      Temps:          0       0       0
      Totals:         0       0       0
Total ram usage:        0 bytes
 Hardware stack levels used:    1
 Hardware stack levels required when called:    3
 This function calls:
		_HPOuUnit
		_HPstart
 This function is called by:
		_main
 This function uses a non-reentrant model


 *************** function _HPstart *****************
 Defined at:
		line 14 in file "../HPsystem.c"
 Parameters:    Size  Location     Type
		None
 Auto vars:     Size  Location     Type
		None
 Return value:  Size  Location     Type
                  1    wreg      void 
 Registers used:
		wreg, status,2, status,0, btemp+1, pclath, cstack
 Tracked objects:
		On entry : 
		On exit  : 
		Unchanged: 
 Data sizes:     COMMON   BANK0   BANK1
      Params:         0       0       0
      Locals:         0       0       0
      Temps:          0       2       0
      Totals:         0       2       0
Total ram usage:        2 bytes
 Hardware stack levels used:    1
 Hardware stack levels required when called:    2
 This function calls:
		_UART_SendByte
		_abs
		_delay2ms
 This function is called by:
		_HPSystem
 This function uses a non-reentrant model


 *************** function _abs *****************
 Defined at:
		line 4 in file "G:\Program Files (x86)\Microchip\xc8\v1.37\sources\common\abs.c"
 Parameters:    Size  Location     Type
  a               2    5[BANK0 ] int 
 Auto vars:     Size  Location     Type
		None
 Return value:  Size  Location     Type
                  2    5[BANK0 ] int 
 Registers used:
		wreg, status,2, status,0
 Tracked objects:
		On entry : 
		On exit  : 
		Unchanged: 
 Data sizes:     COMMON   BANK0   BANK1
      Params:         0       2       0
      Locals:         0       0       0
      Temps:          0       2       0
      Totals:         0       4       0
Total ram usage:        4 bytes
 Hardware stack levels used:    1
 Hardware stack levels required when called:    1
 This function calls:
		Nothing
 This function is called by:
		_HPstart
 This function uses a non-reentrant model


 *************** function _HPOuUnit *****************
 Defined at:
		line 60 in file "../HPsystem.c"
 Parameters:    Size  Location     Type
		None
 Auto vars:     Size  Location     Type
		None
 Return value:  Size  Location     Type
                  1    wreg      void 
 Registers used:
		wreg, fsr0l, fsr0h, status,2, status,0, btemp+1, pclath, cstack
 Tracked objects:
		On entry : 
		On exit  : 
		Unchanged: 
 Data sizes:     COMMON   BANK0   BANK1
      Params:         0       0       0
      Locals:         0       0       0
      Temps:          0       1       0
      Totals:         0       1       0
Total ram usage:        1 bytes
 Hardware stack levels used:    1
 Hardware stack levels required when called:    2
 This function calls:
		_HPShut
		_UART_SendByte
 This function is called by:
		_HPSystem
 This function uses a non-reentrant model


 *************** function _HPShut *****************
 Defined at:
		line 124 in file "../HPsystem.c"
 Parameters:    Size  Location     Type
		None
 Auto vars:     Size  Location     Type
		None
 Return value:  Size  Location     Type
                  1    wreg      void 
 Registers used:
		wreg, status,2, status,0, btemp+1
 Tracked objects:
		On entry : 
		On exit  : 
		Unchanged: 
 Data sizes:     COMMON   BANK0   BANK1
      Params:         0       0       0
      Locals:         0       0       0
      Temps:          0       0       0
      Totals:         0       0       0
Total ram usage:        0 bytes
 Hardware stack levels used:    1
 Hardware stack levels required when called:    1
 This function calls:
		Nothing
 This function is called by:
		_HPOuUnit
 This function uses a non-reentrant model


 *************** function _DriveTime *****************
 Defined at:
		line 64 in file "../DriveTime.c"
 Parameters:    Size  Location     Type
		None
 Auto vars:     Size  Location     Type
  i               2   17[BANK0 ] int 
 Return value:  Size  Location     Type
                  1    wreg      void 
 Registers used:
		wreg, fsr0l, fsr0h, status,2, status,0, btemp+1, pclath, cstack
 Tracked objects:
		On entry : 
		On exit  : 
		Unchanged: 
 Data sizes:     COMMON   BANK0   BANK1
      Params:         0       0       0
      Locals:         0       2       0
      Temps:          0       1       0
      Totals:         0       3       0
Total ram usage:        3 bytes
 Hardware stack levels used:    1
 Hardware stack levels required when called:    4
 This function calls:
		_CountClk
		_CountMin
		_DriveEEV
		_UART_SendByte
 This function is called by:
		_main
 This function uses a non-reentrant model


 *************** function _UART_SendByte *****************
 Defined at:
		line 50 in file "../main.c"
 Parameters:    Size  Location     Type
  dat             1    wreg     unsigned char 
 Auto vars:     Size  Location     Type
  dat             1    5[BANK0 ] unsigned char 
 Return value:  Size  Location     Type
                  1    wreg      void 
 Registers used:
		wreg
 Tracked objects:
		On entry : 
		On exit  : 
		Unchanged: 
 Data sizes:     COMMON   BANK0   BANK1
      Params:         0       0       0
      Locals:         0       1       0
      Temps:          0       0       0
      Totals:         0       1       0
Total ram usage:        1 bytes
 Hardware stack levels used:    1
 Hardware stack levels required when called:    1
 This function calls:
		Nothing
 This function is called by:
		_DriveTime
		_HPstart
		_HPOuUnit
 This function uses a non-reentrant model


 *************** function _DriveEEV *****************
 Defined at:
		line 92 in file "../eev.c"
 Parameters:    Size  Location     Type
		None
 Auto vars:     Size  Location     Type
  x               2   14[BANK0 ] int 
 Return value:  Size  Location     Type
                  1    wreg      void 
 Registers used:
		wreg, fsr0l, fsr0h, status,2, status,0, btemp+1, pclath, cstack
 Tracked objects:
		On entry : 
		On exit  : 
		Unchanged: 
 Data sizes:     COMMON   BANK0   BANK1
      Params:         0       0       0
      Locals:         0       2       0
      Temps:          0       2       0
      Totals:         0       4       0
Total ram usage:        4 bytes
 Hardware stack levels used:    1
 Hardware stack levels required when called:    3
 This function calls:
		_delay2ms
		_eevdriver
 This function is called by:
		_DriveTime
 This function uses a non-reentrant model


 *************** function _eevdriver *****************
 Defined at:
		line 16 in file "../eev.c"
 Parameters:    Size  Location     Type
  x               2    5[BANK0 ] int 
 Auto vars:     Size  Location     Type
  stepx           2   10[BANK0 ] unsigned int 
 Return value:  Size  Location     Type
                  1    wreg      void 
 Registers used:
		wreg, fsr0l, fsr0h, status,2, status,0, btemp+1, pclath
 Tracked objects:
		On entry : 
		On exit  : 
		Unchanged: 
 Data sizes:     COMMON   BANK0   BANK1
      Params:         0       2       0
      Locals:         0       2       0
      Temps:          0       3       0
      Totals:         0       7       0
Total ram usage:        7 bytes
 Hardware stack levels used:    2
 Hardware stack levels required when called:    1
 This function calls:
		Nothing
 This function is called by:
		_eevinit
		_DriveEEV
 This function uses a non-reentrant model


 *************** function _delay2ms *****************
 Defined at:
		line 108 in file "../main.c"
 Parameters:    Size  Location     Type
  x               2    5[BANK0 ] unsigned int 
 Auto vars:     Size  Location     Type
  b               2    9[BANK0 ] unsigned int 
  a               2    7[BANK0 ] unsigned int 
 Return value:  Size  Location     Type
                  1    wreg      void 
 Registers used:
		wreg, status,2, status,0
 Tracked objects:
		On entry : 
		On exit  : 
		Unchanged: 
 Data sizes:     COMMON   BANK0   BANK1
      Params:         0       2       0
      Locals:         0       4       0
      Temps:          0       0       0
      Totals:         0       6       0
Total ram usage:        6 bytes
 Hardware stack levels used:    1
 Hardware stack levels required when called:    1
 This function calls:
		Nothing
 This function is called by:
		_eevinit
		_DriveEEV
		_ADC
		_HPstart
 This function uses a non-reentrant model


 *************** function _CountMin *****************
 Defined at:
		line 53 in file "../DriveTime.c"
 Parameters:    Size  Location     Type
		None
 Auto vars:     Size  Location     Type
		None
 Return value:  Size  Location     Type
                  1    wreg      void 
 Registers used:
		wreg, status,2, status,0
 Tracked objects:
		On entry : 
		On exit  : 
		Unchanged: 
 Data sizes:     COMMON   BANK0   BANK1
      Params:         0       0       0
      Locals:         0       0       0
      Temps:          0       1       0
      Totals:         0       1       0
Total ram usage:        1 bytes
 Hardware stack levels used:    1
 Hardware stack levels required when called:    1
 This function calls:
		Nothing
 This function is called by:
		_DriveTime
 This function uses a non-reentrant model


 *************** function _CountClk *****************
 Defined at:
		line 39 in file "../DriveTime.c"
 Parameters:    Size  Location     Type
		None
 Auto vars:     Size  Location     Type
		None
 Return value:  Size  Location     Type
                  1    wreg      void 
 Registers used:
		wreg, status,2, status,0
 Tracked objects:
		On entry : 
		On exit  : 
		Unchanged: 
 Data sizes:     COMMON   BANK0   BANK1
      Params:         0       0       0
      Locals:         0       0       0
      Temps:          0       1       0
      Totals:         0       1       0
Total ram usage:        1 bytes
 Hardware stack levels used:    1
 Hardware stack levels required when called:    1
 This function calls:
		Nothing
 This function is called by:
		_DriveTime
 This function uses a non-reentrant model


 *************** function _DriveRelay *****************
 Defined at:
		line 19 in file "../DriveRelay.c"
 Parameters:    Size  Location     Type
		None
 Auto vars:     Size  Location     Type
		None
 Return value:  Size  Location     Type
                  1    wreg      void 
 Registers used:
		None
 Tracked objects:
		On entry : 
		On exit  : 
		Unchanged: 
 Data sizes:     COMMON   BANK0   BANK1
      Params:         0       0       0
      Locals:         0       0       0
      Temps:          0       0       0
      Totals:         0       0       0
Total ram usage:        0 bytes
 Hardware stack levels used:    1
 Hardware stack levels required when called:    1
 This function calls:
		Nothing
 This function is called by:
		_main
 This function uses a non-reentrant model


 *************** function _ISR *****************
 Defined at:
		line 83 in file "../main.c"
 Parameters:    Size  Location     Type
		None
 Auto vars:     Size  Location     Type
		None
 Return value:  Size  Location     Type
                  1    wreg      void 
 Registers used:
		wreg, status,2, status,0
 Tracked objects:
		On entry : 
		On exit  : 
		Unchanged: 
 Data sizes:     COMMON   BANK0   BANK1
      Params:         0       0       0
      Locals:         0       0       0
      Temps:          0       5       0
      Totals:         0       5       0
Total ram usage:        5 bytes
 Hardware stack levels used:    1
 This function calls:
		Nothing
 This function is called by:
		Interrupt level 1
 This function uses a non-reentrant model



MODULE INFORMATION

Module		Function		Class		Link	Load	Size
../main.c
		_ADC           		CODE           	0A8D	0000	34
		_ISR           		CODE           	0A39	0000	27
		_main          		CODE           	0B18	0000	69
		_delay2ms      		CODE           	0AAE	0000	36
		_TEMPADC       		CODE           	02F4	0000	313
		_timer0_init   		CODE           	09F5	0000	13
		_serial_init   		CODE           	0A11	0000	17
		_UART_SendByte 		CODE           	00F6	0000	11

../main.c estimated size: 520

G:\Program Files (x86)\Microchip\xc8\v1.37\sources\common\Umul16.c
		___wmul        		CODE           	0AD1	0000	36

G:\Program Files (x86)\Microchip\xc8\v1.37\sources\common\Umul16.c estimated size: 36

G:\Program Files (x86)\Microchip\xc8\v1.37\sources\common\float.c
		___ftpack      		CODE           	0CBD	0000	111

G:\Program Files (x86)\Microchip\xc8\v1.37\sources\common\float.c estimated size: 111

../eev.c
		_eevinit       		CODE           	0637	0000	245
		_DriveEEV      		CODE           	0E70	0000	191
		_eevdriver     		CODE           	0BAB	0000	92

../eev.c estimated size: 528

G:\Program Files (x86)\Microchip\xc8\v1.37\sources\common\abs.c
		_abs           		CODE           	0A01	0000	17

G:\Program Files (x86)\Microchip\xc8\v1.37\sources\common\abs.c estimated size: 17

G:\Program Files (x86)\Microchip\xc8\v1.37\sources\common\ftmul.c
		___ftmul       		CODE           	072B	0000	211

G:\Program Files (x86)\Microchip\xc8\v1.37\sources\common\ftmul.c estimated size: 211

G:\Program Files (x86)\Microchip\xc8\v1.37\sources\common\ftdiv.c
		___ftdiv       		CODE           	0DB9	0000	184

G:\Program Files (x86)\Microchip\xc8\v1.37\sources\common\ftdiv.c estimated size: 184

../DriveRelay.c
		_DriveRelay    		CODE           	0A53	0000	30

../DriveRelay.c estimated size: 30

G:\Program Files (x86)\Microchip\xc8\v1.37\sources\common\awdiv.c
		___awdiv       		CODE           	0C06	0000	92

G:\Program Files (x86)\Microchip\xc8\v1.37\sources\common\awdiv.c estimated size: 92

G:\Program Files (x86)\Microchip\xc8\v1.37\sources\common\awtoft.c
		___awtoft      		CODE           	0AF4	0000	37

G:\Program Files (x86)\Microchip\xc8\v1.37\sources\common\awtoft.c estimated size: 37

G:\Program Files (x86)\Microchip\xc8\v1.37\sources\common\lbtoft.c
		___lbtoft      		CODE           	0A70	0000	30

G:\Program Files (x86)\Microchip\xc8\v1.37\sources\common\lbtoft.c estimated size: 30

shared
		__stringtab    		STRCODE        	0100	0000	19
		__initialization		CODE           	0013	0000	33
		_STEP          		STRCODE        	02E4	0000	17
		_fkTempTab     		STRCODE        	0112	0000	467

shared estimated size: 536

G:\Program Files (x86)\Microchip\xc8\v1.37\sources\common\fttol.c
		___fttol       		CODE           	0D2B	0000	143

G:\Program Files (x86)\Microchip\xc8\v1.37\sources\common\fttol.c estimated size: 143

../HPsystem.c
		_HPShut        		CODE           	0C61	0000	93
		_HPstart       		CODE           	0534	0000	260
		_HPSystem      		CODE           	09E7	0000	7
		_HPOuUnit      		CODE           	0036	0000	193

../HPsystem.c estimated size: 553

../DriveTime.c
		_CountMin      		CODE           	0A21	0000	25
		_DriveTime     		CODE           	0F2E	0000	211
		_CountClk      		CODE           	0B5C	0000	80

../DriveTime.c estimated size: 316

G:\Program Files (x86)\Microchip\xc8\v1.37\sources\common\ftadd.c
		___ftadd       		CODE           	042C	0000	265

G:\Program Files (x86)\Microchip\xc8\v1.37\sources\common\ftadd.c estimated size: 265

