Microchip MPLAB XC8 Compiler V1.37 ()

Linker command line:

-W-3 --edf=G:\Program Files (x86)\Microchip\xc8\v1.37\dat\en_msgs.txt -cs \
  -h+dist/default/production\PICHPV021-16918.production.sym \
  --cmf=dist/default/production\PICHPV021-16918.production.cmf -z -Q16F73 \
  -oC:\Users\huang\AppData\Local\Temp\s7ps.2 \
  -Mdist/default/production/PICHPV021-16918.production.map -E1 -ver=XC8 \
  -ASTACK=0A0h-0fdh -pstack=STACK -ACODE=00h-07FFhx2 -ASTRCODE=00h-0FFFh \
  -ASTRING=00h-0FFhx16 -ACONST=00h-0FFhx16 -AENTRY=00h-0FFhx16 \
  -ABANK0=020h-07Dh -ABANK1=0A0h-0FDh -ARAM=020h-07Dh,0A0h-0FDh \
  -AABS1=020h-07Fh,0A0h-0FFh -ACOMMON=07Eh-07Fh -ASFR0=00h-01Fh \
  -ASFR1=080h-09Fh -ASFR2=0100h-017Dh -ASFR3=0180h-01FDh \
  -preset_vec=00h,intentry=04h,init,end_init -ppowerup=CODE -pcinit=CODE \
  -pfunctab=CODE -ACONFIG=02007h-02007h -pconfig=CONFIG -DCONFIG=2 \
  -AIDLOC=02000h-02003h -pidloc=IDLOC -DIDLOC=2 -DCODE=2 -DSTRCODE=2 \
  -DSTRING=2 -DCONST=2 -DENTRY=2 -k \
  C:\Users\huang\AppData\Local\Temp\s7ps.obj \
  dist/default/production\PICHPV021-16918.production.obj 

Object code version is 3.11

Machine type is 16F73



                Name                               Link     Load   Length Selector   Space Scale
C:\Users\huang\AppData\Local\Temp\s7ps.obj
                end_init                             11       11        2        8       0
                reset_vec                             0        0        2        0       0
                config                             2007     2007        1     400E       0
dist/default/production\PICHPV021-16918.production.obj
                cinit                                13       13       1D        8       0
                intentry                              4        4        D        8       0
                text19                              D57      D57       1A     1AAE       0
                text18                              D71      D71       1D     1AE2       0
                text17                              DF3      DF3       4F     1BE6       0
                text16                              D3F      D3F       18     1A7E       0
                text15                              7C9      7C9       23      A28       0
                text14                              E98      E98       5B     1D30       0
                text13                              F50      F50       B0     1EA0       0
                text12                              D25      D25        A     1A4A       0
                text11                              6F7      6F7       D2      A28       0
                text10                              EF3      EF3       5D     1DE6       0
                text9                                30       30       C2        8       0
                text8                               D2F      D2F       10     1A5E       0
                text7                               608      608       EF      A28       0
                text6                               D17      D17        6     1A2E       0
                text5                               D8E      D8E       21     1B1C       0
                text4                               E42      E42       56     1C84       0
                text3                               514      514       F4      A28       0
                text2                               7EC      7EC       10      A28       0
                text1                                F2       F2        C        8       0
                maintext                            DAF      DAF       44     1B5E       0
                cstackBANK0                          4B       4B       14       20       1
                clrtext                             D1D      D1D        8     1A3A       0
                dataBANK0                            5F       5F        5       20       1
                bssBANK0                             20       20       2B       20       1
                stringtext                          100      100      414        2       0
                idataBANK0                          D12      D12        5     1A24       0

TOTAL           Name                               Link     Load   Length     Space
        CLASS   STACK          

        CLASS   CODE           
                end_init                             11       11        2         0
                cinit                                13       13       1D         0
                intentry                              4        4        D         0
                reset_vec                             0        0        2         0
                text19                              D57      D57       1A         0
                text18                              D71      D71       1D         0
                text17                              DF3      DF3       4F         0
                text16                              D3F      D3F       18         0
                text15                              7C9      7C9       23         0
                text14                              E98      E98       5B         0
                text13                              F50      F50       B0         0
                text12                              D25      D25        A         0
                text11                              6F7      6F7       D2         0
                text10                              EF3      EF3       5D         0
                text9                                30       30       C2         0
                text8                               D2F      D2F       10         0
                text7                               608      608       EF         0
                text6                               D17      D17        6         0
                text5                               D8E      D8E       21         0
                text4                               E42      E42       56         0
                text3                               514      514       F4         0
                text2                               7EC      7EC       10         0
                text1                                F2       F2        C         0
                maintext                            DAF      DAF       44         0
                clrtext                             D1D      D1D        8         0
                idataBANK0                          D12      D12        5         0

        CLASS   STRCODE        
                stringtext                          100      100      414         0

        CLASS   STRING         

        CLASS   CONST          

        CLASS   ENTRY          

        CLASS   BANK0          
                cstackBANK0                          4B       4B       14         1
                dataBANK0                            5F       5F        5         1
                bssBANK0                             20       20       2B         1

        CLASS   BANK1          

        CLASS   RAM            

        CLASS   ABS1           
                abs_s1                               7E       7E        2         1

        CLASS   COMMON         

        CLASS   SFR0           

        CLASS   SFR1           

        CLASS   SFR2           

        CLASS   SFR3           

        CLASS   CONFIG         
                config                             2007     2007        1         0

        CLASS   IDLOC          

        CLASS   BANK3          

        CLASS   BANK2          

        CLASS   EEDATA         



SEGMENTS        Name                           Load    Length   Top    Selector   Space  Class     Delta

                reset_vec                      000000  000002  000002         0       0  CODE        2
                intentry                       000004  0000FA  0000FE         8       0  CODE        2
                bssBANK0                       000020  000044  000064        20       1  BANK0       1
                stringtext                     000100  000414  000514         2       0  STRCODE     2
                text3                          000514  0002E8  0007FC       A28       0  CODE        2
                idataBANK0                     000D12  000005  000D17      1A24       0  CODE        2
                text6                          000D17  000006  000D1D      1A2E       0  CODE        2
                clrtext                        000D1D  000008  000D25      1A3A       0  CODE        2
                text12                         000D25  00000A  000D2F      1A4A       0  CODE        2
                text8                          000D2F  000010  000D3F      1A5E       0  CODE        2
                text16                         000D3F  000018  000D57      1A7E       0  CODE        2
                text19                         000D57  00001A  000D71      1AAE       0  CODE        2
                text18                         000D71  00001D  000D8E      1AE2       0  CODE        2
                text5                          000D8E  000021  000DAF      1B1C       0  CODE        2
                maintext                       000DAF  000044  000DF3      1B5E       0  CODE        2
                text17                         000DF3  00004F  000E42      1BE6       0  CODE        2
                text4                          000E42  000056  000E98      1C84       0  CODE        2
                text14                         000E98  00005B  000EF3      1D30       0  CODE        2
                text10                         000EF3  00005D  000F50      1DE6       0  CODE        2
                text13                         000F50  0000B0  001000      1EA0       0  CODE        2
                config                         002007  000001  002008      400E       0  CONFIG      2


UNUSED ADDRESS RANGES

        Name                Unused          Largest block    Delta
        BANK0            0064-007D             1A           1
        BANK1            00A0-00FD             5E           1
        CODE             0002-0003              2           2
                         00FE-00FF              2
                         07FC-0D11              4
        CONST            0002-0003              2           2
                         00FE-00FF              2
                         07FC-0D11            100
        ENTRY            0002-0003              2           2
                         00FE-00FF              2
                         07FC-0D11            100
        IDLOC            2000-2003              4           2
        RAM              0064-007D             1A           1
                         00A0-00FD             5E
        SFR0             0000-001F             20           1
        SFR1             0080-009F             20           1
        SFR2             0100-017D             7E           1
        SFR3             0180-01FD             7E           1
        STACK            00A0-00FD             5E           1
        STRCODE          0002-0003              2           2
                         00FE-00FF              2
                         07FC-0D11            516
        STRING           0002-0003              2           2
                         00FE-00FF              2
                         07FC-0D11            100

                                  Symbol Table

?_abs                    cstackBANK0  0050
ADC@x                    cstackBANK0  0056
DriveEEV@x               cstackBANK0  0059
DriveTime@i              cstackBANK0  005C
TEMPADC@uwAdcSample      cstackBANK0  005E
UART_SendByte@dat        cstackBANK0  0050
_ADC                     text5        0D8E
_ADCON0                  (abs)        001F
_ADCON0bits              (abs)        001F
_ADCON1                  (abs)        009F
_ADON                    (abs)        00F8
_ADRES                   (abs)        001E
_Clock                   dataBANK0    0061
_CountClk                text17       0DF3
_CountMin                text16       0D3F
_DriveEEV                text13       0F50
_DriveRelay              text18       0D71
_DriveTime               text11       06F7
_EEVSTEP                 dataBANK0    005F
_GIE                     (abs)        005F
_GO                      (abs)        00FA
_HPOuUnit                text9        0030
_HPShut                  text10       0EF3
_HPSystem                text6        0D17
_HPstart                 text7        0608
_INTE                    (abs)        005C
_ISR                     text19       0D57
_InterTimes              dataBANK0    0062
_Judge                   bssBANK0     0039
_Minutes                 dataBANK0    0063
_PEIE                    (abs)        005E
_PORTB                   (abs)        0006
_PORTCBIT                (abs)        0007
_PSA                     (abs)        040B
_RB0                     (abs)        0030
_RB1                     (abs)        0031
_RB2                     (abs)        0032
_RB4                     (abs)        0034
_RB5                     (abs)        0035
_RB6                     (abs)        0036
_RB7                     (abs)        0037
_RBIE                    (abs)        005B
_RC4                     (abs)        003C
_RCIE                    (abs)        0465
_RCSTA                   (abs)        0018
_RelayS                  bssBANK0     0049
_SPBRG                   (abs)        0099
_STEP                    stringtext   0504
_SysErr                  bssBANK0     003B
_T                       bssBANK0     0020
_T0CS                    (abs)        040D
_T0IE                    (abs)        005D
_T0IF                    (abs)        005A
_TEMPADC                 text4        0E42
_TM                      bssBANK0     0030
_TMR0                    (abs)        0001
_TMR0IF                  (abs)        005A
_TRISA                   (abs)        0085
_TRISB                   (abs)        0086
_TRISC                   (abs)        0087
_TRMT                    (abs)        04C1
_TXREG                   (abs)        0019
_TXSTA                   (abs)        0098
_UART_SendByte           text12       0D25
__CFG_BOREN$OFF          (abs)        0000
__CFG_CP$ON              (abs)        0000
__CFG_FOSC$XT            (abs)        0000
__CFG_PWRTE$ON           (abs)        0000
__CFG_WDTE$OFF           (abs)        0000
__Habs1                  abs1         0000
__Hbank0                 bank0        0000
__Hbank1                 bank1        0000
__Hbank2                 bank2        0000
__Hbank3                 bank3        0000
__HbssBANK0              bssBANK0     0000
__Hcinit                 cinit        0030
__Hclrtext               clrtext      0000
__Hcode                  code         0000
__Hcommon                common       0000
__Hconfig                config       2008
__HcstackBANK0           cstackBANK0  0000
__HcstackCOMMON          cstackCOMMON 0000
__HdataBANK0             dataBANK0    0000
__Heeprom_data           eeprom_data  0000
__Hend_init              end_init     0013
__Hfunctab               functab      0000
__HidataBANK0            idataBANK0   0000
__Hidloc                 idloc        0000
__Hinit                  init         0011
__Hintentry              intentry     0011
__Hmaintext              maintext     0000
__Hpowerup               powerup      0000
__Hram                   ram          0000
__Hreset_vec             reset_vec    0002
__Hsfr0                  sfr0         0000
__Hsfr1                  sfr1         0000
__Hsfr2                  sfr2         0000
__Hsfr3                  sfr3         0000
__Hspace_0               (abs)        2008
__Hspace_1               (abs)        0064
__Hspace_2               (abs)        0000
__Hspace_3               (abs)        0000
__Hstack                 stack        0000
__Hstrings               strings      0000
__Hstringtext            stringtext   0000
__Htext                  text         0000
__Labs1                  abs1         0000
__Lbank0                 bank0        0000
__Lbank1                 bank1        0000
__Lbank2                 bank2        0000
__Lbank3                 bank3        0000
__LbssBANK0              bssBANK0     0000
__Lcinit                 cinit        0013
__Lclrtext               clrtext      0000
__Lcode                  code         0000
__Lcommon                common       0000
__Lconfig                config       2007
__LcstackBANK0           cstackBANK0  0000
__LcstackCOMMON          cstackCOMMON 0000
__LdataBANK0             dataBANK0    0000
__Leeprom_data           eeprom_data  0000
__Lend_init              end_init     0011
__Lfunctab               functab      0000
__LidataBANK0            idataBANK0   0000
__Lidloc                 idloc        0000
__Linit                  init         0011
__Lintentry              intentry     0004
__Lmaintext              maintext     0000
__Lpowerup               powerup      0000
__Lram                   ram          0000
__Lreset_vec             reset_vec    0000
__Lsfr0                  sfr0         0000
__Lsfr1                  sfr1         0000
__Lsfr2                  sfr2         0000
__Lsfr3                  sfr3         0000
__Lspace_0               (abs)        0000
__Lspace_1               (abs)        0000
__Lspace_2               (abs)        0000
__Lspace_3               (abs)        0000
__Lstack                 stack        0000
__Lstrings               strings      0000
__Lstringtext            stringtext   0000
__Ltext                  text         0000
__S0                     (abs)        2008
__S1                     (abs)        0064
__S2                     (abs)        0000
___int_sp                stack        0000
___latbits               (abs)        0001
___sp                    stack        0000
__end_of_ADC             text5        0DAF
__end_of_CountClk        text17       0E42
__end_of_CountMin        text16       0D57
__end_of_DriveEEV        text13       1000
__end_of_DriveRelay      text18       0D8E
__end_of_DriveTime       text11       07C9
__end_of_HPOuUnit        text9        00F2
__end_of_HPShut          text10       0F50
__end_of_HPSystem        text6        0D1D
__end_of_HPstart         text7        06F7
__end_of_ISR             text19       0D71
__end_of_STEP            stringtext   0514
__end_of_TEMPADC         text4        0E98
__end_of_UART_SendByte   text12       0D2F
__end_of__initialization cinit        002D
__end_of__stringtab      stringtext   0112
__end_of_abs             text8        0D3F
__end_of_delay2ms        text15       07EC
__end_of_eevdriver       text14       0EF3
__end_of_eevinit         text3        0608
__end_of_fkTempTab       stringtext   0312
__end_of_main            maintext     0DF3
__end_of_serial_init     text2        07FC
__end_of_timer0_init     text1        00FE
__end_of_tkTempTab       stringtext   0504
__initialization         cinit        0013
__pbssBANK0              bssBANK0     0020
__pcstackBANK0           cstackBANK0  004B
__pcstackCOMMON          cstackCOMMON 0000
__pdataBANK0             dataBANK0    005F
__pidataBANK0            idataBANK0   0D12
__pintentry              intentry     0004
__pmaintext              maintext     0DAF
__pstringtext            stringtext   0100
__ptext1                 text1        00F2
__ptext10                text10       0EF3
__ptext11                text11       06F7
__ptext12                text12       0D25
__ptext13                text13       0F50
__ptext14                text14       0E98
__ptext15                text15       07C9
__ptext16                text16       0D3F
__ptext17                text17       0DF3
__ptext18                text18       0D71
__ptext19                text19       0D57
__ptext2                 text2        07EC
__ptext3                 text3        0514
__ptext4                 text4        0E42
__ptext5                 text5        0D8E
__ptext6                 text6        0D17
__ptext7                 text7        0608
__ptext8                 text8        0D2F
__ptext9                 text9        0030
__size_of_ADC            (abs)        0000
__size_of_CountClk       (abs)        0000
__size_of_CountMin       (abs)        0000
__size_of_DriveEEV       (abs)        0000
__size_of_DriveRelay     (abs)        0000
__size_of_DriveTime      (abs)        0000
__size_of_HPOuUnit       (abs)        0000
__size_of_HPShut         (abs)        0000
__size_of_HPSystem       (abs)        0000
__size_of_HPstart        (abs)        0000
__size_of_ISR            (abs)        0000
__size_of_TEMPADC        (abs)        0000
__size_of_UART_SendByte  (abs)        0000
__size_of_abs            (abs)        0000
__size_of_delay2ms       (abs)        0000
__size_of_eevdriver      (abs)        0000
__size_of_eevinit        (abs)        0000
__size_of_main           (abs)        0000
__size_of_serial_init    (abs)        0000
__size_of_timer0_init    (abs)        0000
__stringbase             stringtext   0112
__stringtab              stringtext   0100
_abs                     text8        0D2F
_adcc                    bssBANK0     003D
_delay2ms                text15       07C9
_ee                      bssBANK0     003F
_eevdriver               text14       0E98
_eevinit                 text3        0514
_ff                      bssBANK0     0041
_fkTempTab               stringtext   0112
_main                    maintext     0DAF
_nRBPU                   (abs)        040F
_serial_init             text2        07EC
_stepcount               bssBANK0     0043
_t1                      bssBANK0     0045
_t2                      bssBANK0     0047
_temp1                   bssBANK0     004A
_timer0_init             text1        00F2
_tkTempTab               stringtext   0312
abs@a                    cstackBANK0  0050
btemp                    (abs)        007E
clear_ram0               clrtext      0D1D
delay2ms@a               cstackBANK0  0052
delay2ms@b               cstackBANK0  0054
delay2ms@x               cstackBANK0  0050
eevdriver@stepx          cstackBANK0  0055
eevdriver@x              cstackBANK0  0050
eevinit@i                cstackBANK0  005C
end_of_initialization    cinit        002D
interrupt_function       intentry     0004
intlevel0                functab      0000
intlevel1                functab      0000
intlevel2                functab      0000
intlevel3                functab      0000
intlevel4                functab      0000
intlevel5                functab      0000
ltemp                    (abs)        007E
ltemp0                   (abs)        007E
ltemp1                   (abs)        0082
ltemp2                   (abs)        0086
ltemp3                   (abs)        0080
reset_vec                reset_vec    0000
saved_w                  (abs)        007E
stackhi                  (abs)        0000
stacklo                  (abs)        0000
start                    init         0011
start_initialization     cinit        0013
ttemp                    (abs)        007E
ttemp0                   (abs)        007E
ttemp1                   (abs)        0081
ttemp2                   (abs)        0084
ttemp3                   (abs)        0087
ttemp4                   (abs)        007F
wtemp                    (abs)        007E
wtemp0                   (abs)        007E
wtemp1                   (abs)        0080
wtemp2                   (abs)        0082
wtemp3                   (abs)        0084
wtemp4                   (abs)        0086
wtemp5                   (abs)        0088
wtemp6                   (abs)        007F


FUNCTION INFORMATION:

 *************** function _main *****************
 Defined at:
		line 140 in file "main.c"
 Parameters:    Size  Location     Type
		None
 Auto vars:     Size  Location     Type
		None
 Return value:  Size  Location     Type
                  2  383[None  ] int 
 Registers used:
		wreg, fsr0l, fsr0h, status,2, status,0, btemp+1, pclath, cstack
 Tracked objects:
		On entry : 
		On exit  : 
		Unchanged: 
 Data sizes:     COMMON   BANK0   BANK1
      Params:         0       0       0
      Locals:         0       0       0
      Temps:          0       0       0
      Totals:         0       0       0
Total ram usage:        0 bytes
 Hardware stack levels required when called:    5
 This function calls:
		_DriveRelay
		_DriveTime
		_HPSystem
		_TEMPADC
		_eevinit
		_serial_init
		_timer0_init
 This function is called by:
		Startup code after reset
 This function uses a non-reentrant model


 *************** function _timer0_init *****************
 Defined at:
		line 84 in file "main.c"
 Parameters:    Size  Location     Type
		None
 Auto vars:     Size  Location     Type
		None
 Return value:  Size  Location     Type
                  1    wreg      void 
 Registers used:
		wreg
 Tracked objects:
		On entry : 
		On exit  : 
		Unchanged: 
 Data sizes:     COMMON   BANK0   BANK1
      Params:         0       0       0
      Locals:         0       0       0
      Temps:          0       0       0
      Totals:         0       0       0
Total ram usage:        0 bytes
 Hardware stack levels used:    1
 Hardware stack levels required when called:    1
 This function calls:
		Nothing
 This function is called by:
		_main
 This function uses a non-reentrant model


 *************** function _serial_init *****************
 Defined at:
		line 127 in file "main.c"
 Parameters:    Size  Location     Type
		None
 Auto vars:     Size  Location     Type
		None
 Return value:  Size  Location     Type
                  1    wreg      void 
 Registers used:
		wreg
 Tracked objects:
		On entry : 
		On exit  : 
		Unchanged: 
 Data sizes:     COMMON   BANK0   BANK1
      Params:         0       0       0
      Locals:         0       0       0
      Temps:          0       0       0
      Totals:         0       0       0
Total ram usage:        0 bytes
 Hardware stack levels used:    1
 Hardware stack levels required when called:    1
 This function calls:
		Nothing
 This function is called by:
		_main
 This function uses a non-reentrant model


 *************** function _eevinit *****************
 Defined at:
		line 34 in file "eev.c"
 Parameters:    Size  Location     Type
		None
 Auto vars:     Size  Location     Type
  i               2   17[BANK0 ] int 
 Return value:  Size  Location     Type
                  1    wreg      void 
 Registers used:
		wreg, fsr0l, fsr0h, status,2, status,0, btemp+1, pclath, cstack
 Tracked objects:
		On entry : 
		On exit  : 
		Unchanged: 
 Data sizes:     COMMON   BANK0   BANK1
      Params:         0       0       0
      Locals:         0       2       0
      Temps:          0       5       0
      Totals:         0       7       0
Total ram usage:        7 bytes
 Hardware stack levels used:    1
 Hardware stack levels required when called:    3
 This function calls:
		_delay2ms
		_eevdriver
 This function is called by:
		_main
 This function uses a non-reentrant model


 *************** function _TEMPADC *****************
 Defined at:
		line 200 in file "main.c"
 Parameters:    Size  Location     Type
		None
 Auto vars:     Size  Location     Type
  uwAdcSample     1   19[BANK0 ] unsigned char 
 Return value:  Size  Location     Type
                  1    wreg      void 
 Registers used:
		wreg, fsr0l, fsr0h, status,2, status,0, btemp+1, pclath, cstack
 Tracked objects:
		On entry : 
		On exit  : 
		Unchanged: 
 Data sizes:     COMMON   BANK0   BANK1
      Params:         0       0       0
      Locals:         0       1       0
      Temps:          0       5       0
      Totals:         0       6       0
Total ram usage:        6 bytes
 Hardware stack levels used:    1
 Hardware stack levels required when called:    3
 This function calls:
		_ADC
 This function is called by:
		_main
 This function uses a non-reentrant model


 *************** function _ADC *****************
 Defined at:
		line 68 in file "main.c"
 Parameters:    Size  Location     Type
  x               2   11[BANK0 ] unsigned int 
 Auto vars:     Size  Location     Type
		None
 Return value:  Size  Location     Type
                  1    wreg      unsigned char 
 Registers used:
		wreg, status,2, status,0, pclath, cstack
 Tracked objects:
		On entry : 
		On exit  : 
		Unchanged: 
 Data sizes:     COMMON   BANK0   BANK1
      Params:         0       2       0
      Locals:         0       0       0
      Temps:          0       1       0
      Totals:         0       3       0
Total ram usage:        3 bytes
 Hardware stack levels used:    1
 Hardware stack levels required when called:    2
 This function calls:
		_delay2ms
 This function is called by:
		_TEMPADC
 This function uses a non-reentrant model


 *************** function _HPSystem *****************
 Defined at:
		line 169 in file "HPsystem.c"
 Parameters:    Size  Location     Type
		None
 Auto vars:     Size  Location     Type
		None
 Return value:  Size  Location     Type
                  1    wreg      void 
 Registers used:
		wreg, status,2, status,0, btemp+1, pclath, cstack
 Tracked objects:
		On entry : 
		On exit  : 
		Unchanged: 
 Data sizes:     COMMON   BANK0   BANK1
      Params:         0       0       0
      Locals:         0       0       0
      Temps:          0       0       0
      Totals:         0       0       0
Total ram usage:        0 bytes
 Hardware stack levels used:    1
 Hardware stack levels required when called:    3
 This function calls:
		_HPOuUnit
		_HPstart
 This function is called by:
		_main
 This function uses a non-reentrant model


 *************** function _HPstart *****************
 Defined at:
		line 14 in file "HPsystem.c"
 Parameters:    Size  Location     Type
		None
 Auto vars:     Size  Location     Type
		None
 Return value:  Size  Location     Type
                  1    wreg      void 
 Registers used:
		wreg, status,2, status,0, btemp+1, pclath, cstack
 Tracked objects:
		On entry : 
		On exit  : 
		Unchanged: 
 Data sizes:     COMMON   BANK0   BANK1
      Params:         0       0       0
      Locals:         0       0       0
      Temps:          0       2       0
      Totals:         0       2       0
Total ram usage:        2 bytes
 Hardware stack levels used:    1
 Hardware stack levels required when called:    2
 This function calls:
		_UART_SendByte
		_abs
		_delay2ms
 This function is called by:
		_HPSystem
 This function uses a non-reentrant model


 *************** function _abs *****************
 Defined at:
		line 4 in file "G:\Program Files (x86)\Microchip\xc8\v1.37\sources\common\abs.c"
 Parameters:    Size  Location     Type
  a               2    5[BANK0 ] int 
 Auto vars:     Size  Location     Type
		None
 Return value:  Size  Location     Type
                  2    5[BANK0 ] int 
 Registers used:
		wreg, status,2, status,0
 Tracked objects:
		On entry : 
		On exit  : 
		Unchanged: 
 Data sizes:     COMMON   BANK0   BANK1
      Params:         0       2       0
      Locals:         0       0       0
      Temps:          0       2       0
      Totals:         0       4       0
Total ram usage:        4 bytes
 Hardware stack levels used:    1
 Hardware stack levels required when called:    1
 This function calls:
		Nothing
 This function is called by:
		_HPstart
 This function uses a non-reentrant model


 *************** function _HPOuUnit *****************
 Defined at:
		line 63 in file "HPsystem.c"
 Parameters:    Size  Location     Type
		None
 Auto vars:     Size  Location     Type
		None
 Return value:  Size  Location     Type
                  1    wreg      void 
 Registers used:
		wreg, status,2, status,0, btemp+1, pclath, cstack
 Tracked objects:
		On entry : 
		On exit  : 
		Unchanged: 
 Data sizes:     COMMON   BANK0   BANK1
      Params:         0       0       0
      Locals:         0       0       0
      Temps:          0       1       0
      Totals:         0       1       0
Total ram usage:        1 bytes
 Hardware stack levels used:    1
 Hardware stack levels required when called:    2
 This function calls:
		_HPShut
		_UART_SendByte
 This function is called by:
		_HPSystem
 This function uses a non-reentrant model


 *************** function _HPShut *****************
 Defined at:
		line 127 in file "HPsystem.c"
 Parameters:    Size  Location     Type
		None
 Auto vars:     Size  Location     Type
		None
 Return value:  Size  Location     Type
                  1    wreg      void 
 Registers used:
		wreg, status,2, status,0, btemp+1
 Tracked objects:
		On entry : 
		On exit  : 
		Unchanged: 
 Data sizes:     COMMON   BANK0   BANK1
      Params:         0       0       0
      Locals:         0       0       0
      Temps:          0       0       0
      Totals:         0       0       0
Total ram usage:        0 bytes
 Hardware stack levels used:    1
 Hardware stack levels required when called:    1
 This function calls:
		Nothing
 This function is called by:
		_HPOuUnit
 This function uses a non-reentrant model


 *************** function _DriveTime *****************
 Defined at:
		line 64 in file "DriveTime.c"
 Parameters:    Size  Location     Type
		None
 Auto vars:     Size  Location     Type
  i               2   17[BANK0 ] int 
 Return value:  Size  Location     Type
                  1    wreg      void 
 Registers used:
		wreg, fsr0l, fsr0h, status,2, status,0, btemp+1, pclath, cstack
 Tracked objects:
		On entry : 
		On exit  : 
		Unchanged: 
 Data sizes:     COMMON   BANK0   BANK1
      Params:         0       0       0
      Locals:         0       2       0
      Temps:          0       1       0
      Totals:         0       3       0
Total ram usage:        3 bytes
 Hardware stack levels used:    1
 Hardware stack levels required when called:    4
 This function calls:
		_CountClk
		_CountMin
		_DriveEEV
		_UART_SendByte
 This function is called by:
		_main
 This function uses a non-reentrant model


 *************** function _UART_SendByte *****************
 Defined at:
		line 63 in file "main.c"
 Parameters:    Size  Location     Type
  dat             1    wreg     unsigned char 
 Auto vars:     Size  Location     Type
  dat             1    5[BANK0 ] unsigned char 
 Return value:  Size  Location     Type
                  1    wreg      void 
 Registers used:
		wreg
 Tracked objects:
		On entry : 
		On exit  : 
		Unchanged: 
 Data sizes:     COMMON   BANK0   BANK1
      Params:         0       0       0
      Locals:         0       1       0
      Temps:          0       0       0
      Totals:         0       1       0
Total ram usage:        1 bytes
 Hardware stack levels used:    1
 Hardware stack levels required when called:    1
 This function calls:
		Nothing
 This function is called by:
		_DriveTime
		_HPstart
		_HPOuUnit
 This function uses a non-reentrant model


 *************** function _DriveEEV *****************
 Defined at:
		line 92 in file "eev.c"
 Parameters:    Size  Location     Type
		None
 Auto vars:     Size  Location     Type
  x               2   14[BANK0 ] int 
 Return value:  Size  Location     Type
                  1    wreg      void 
 Registers used:
		wreg, fsr0l, fsr0h, status,2, status,0, btemp+1, pclath, cstack
 Tracked objects:
		On entry : 
		On exit  : 
		Unchanged: 
 Data sizes:     COMMON   BANK0   BANK1
      Params:         0       0       0
      Locals:         0       2       0
      Temps:          0       2       0
      Totals:         0       4       0
Total ram usage:        4 bytes
 Hardware stack levels used:    1
 Hardware stack levels required when called:    3
 This function calls:
		_delay2ms
		_eevdriver
 This function is called by:
		_DriveTime
 This function uses a non-reentrant model


 *************** function _eevdriver *****************
 Defined at:
		line 16 in file "eev.c"
 Parameters:    Size  Location     Type
  x               2    5[BANK0 ] int 
 Auto vars:     Size  Location     Type
  stepx           2   10[BANK0 ] unsigned int 
 Return value:  Size  Location     Type
                  1    wreg      void 
 Registers used:
		wreg, fsr0l, fsr0h, status,2, status,0, btemp+1, pclath
 Tracked objects:
		On entry : 
		On exit  : 
		Unchanged: 
 Data sizes:     COMMON   BANK0   BANK1
      Params:         0       2       0
      Locals:         0       2       0
      Temps:          0       3       0
      Totals:         0       7       0
Total ram usage:        7 bytes
 Hardware stack levels used:    2
 Hardware stack levels required when called:    1
 This function calls:
		Nothing
 This function is called by:
		_eevinit
		_DriveEEV
 This function uses a non-reentrant model


 *************** function _delay2ms *****************
 Defined at:
		line 120 in file "main.c"
 Parameters:    Size  Location     Type
  x               2    5[BANK0 ] unsigned int 
 Auto vars:     Size  Location     Type
  b               2    9[BANK0 ] unsigned int 
  a               2    7[BANK0 ] unsigned int 
 Return value:  Size  Location     Type
                  1    wreg      void 
 Registers used:
		wreg, status,2, status,0
 Tracked objects:
		On entry : 
		On exit  : 
		Unchanged: 
 Data sizes:     COMMON   BANK0   BANK1
      Params:         0       2       0
      Locals:         0       4       0
      Temps:          0       0       0
      Totals:         0       6       0
Total ram usage:        6 bytes
 Hardware stack levels used:    1
 Hardware stack levels required when called:    1
 This function calls:
		Nothing
 This function is called by:
		_HPstart
		_eevinit
		_DriveEEV
		_ADC
 This function uses a non-reentrant model


 *************** function _CountMin *****************
 Defined at:
		line 53 in file "DriveTime.c"
 Parameters:    Size  Location     Type
		None
 Auto vars:     Size  Location     Type
		None
 Return value:  Size  Location     Type
                  1    wreg      void 
 Registers used:
		wreg, status,2, status,0
 Tracked objects:
		On entry : 
		On exit  : 
		Unchanged: 
 Data sizes:     COMMON   BANK0   BANK1
      Params:         0       0       0
      Locals:         0       0       0
      Temps:          0       1       0
      Totals:         0       1       0
Total ram usage:        1 bytes
 Hardware stack levels used:    1
 Hardware stack levels required when called:    1
 This function calls:
		Nothing
 This function is called by:
		_DriveTime
 This function uses a non-reentrant model


 *************** function _CountClk *****************
 Defined at:
		line 39 in file "DriveTime.c"
 Parameters:    Size  Location     Type
		None
 Auto vars:     Size  Location     Type
		None
 Return value:  Size  Location     Type
                  1    wreg      void 
 Registers used:
		wreg, status,2, status,0
 Tracked objects:
		On entry : 
		On exit  : 
		Unchanged: 
 Data sizes:     COMMON   BANK0   BANK1
      Params:         0       0       0
      Locals:         0       0       0
      Temps:          0       1       0
      Totals:         0       1       0
Total ram usage:        1 bytes
 Hardware stack levels used:    1
 Hardware stack levels required when called:    1
 This function calls:
		Nothing
 This function is called by:
		_DriveTime
 This function uses a non-reentrant model


 *************** function _DriveRelay *****************
 Defined at:
		line 19 in file "DriveRelay.c"
 Parameters:    Size  Location     Type
		None
 Auto vars:     Size  Location     Type
		None
 Return value:  Size  Location     Type
                  1    wreg      void 
 Registers used:
		None
 Tracked objects:
		On entry : 
		On exit  : 
		Unchanged: 
 Data sizes:     COMMON   BANK0   BANK1
      Params:         0       0       0
      Locals:         0       0       0
      Temps:          0       0       0
      Totals:         0       0       0
Total ram usage:        0 bytes
 Hardware stack levels used:    1
 Hardware stack levels required when called:    1
 This function calls:
		Nothing
 This function is called by:
		_main
 This function uses a non-reentrant model


 *************** function _ISR *****************
 Defined at:
		line 96 in file "main.c"
 Parameters:    Size  Location     Type
		None
 Auto vars:     Size  Location     Type
		None
 Return value:  Size  Location     Type
                  1    wreg      void 
 Registers used:
		wreg, status,2, status,0
 Tracked objects:
		On entry : 
		On exit  : 
		Unchanged: 
 Data sizes:     COMMON   BANK0   BANK1
      Params:         0       0       0
      Locals:         0       0       0
      Temps:          0       5       0
      Totals:         0       5       0
Total ram usage:        5 bytes
 Hardware stack levels used:    1
 This function calls:
		Nothing
 This function is called by:
		Interrupt level 1
 This function uses a non-reentrant model



MODULE INFORMATION

Module		Function		Class		Link	Load	Size
G:\Program Files (x86)\Microchip\xc8\v1.37\sources\common\abs.c
		_abs           		CODE           	0D2F	0000	17

G:\Program Files (x86)\Microchip\xc8\v1.37\sources\common\abs.c estimated size: 17

HPsystem.c
		_HPShut        		CODE           	0EF3	0000	94
		_HPstart       		CODE           	0608	0000	240
		_HPSystem      		CODE           	0D17	0000	7
		_HPOuUnit      		CODE           	0030	0000	195

HPsystem.c estimated size: 536

DriveRelay.c
		_DriveRelay    		CODE           	0D71	0000	30

DriveRelay.c estimated size: 30

DriveTime.c
		_CountMin      		CODE           	0D3F	0000	25
		_DriveTime     		CODE           	06F7	0000	211
		_CountClk      		CODE           	0DF3	0000	80

DriveTime.c estimated size: 316

shared
		__stringtab    		STRCODE        	0100	0000	19
		__initialization		CODE           	0013	0000	27
		_STEP          		STRCODE        	0504	0000	17
		_fkTempTab     		STRCODE        	0112	0000	513
		_tkTempTab     		STRCODE        	0312	0000	499

shared estimated size: 1075

eev.c
		_eevinit       		CODE           	0514	0000	245
		_DriveEEV      		CODE           	0F50	0000	177
		_eevdriver     		CODE           	0E98	0000	92

eev.c estimated size: 514

main.c
		_ADC           		CODE           	0D8E	0000	34
		_ISR           		CODE           	0D57	0000	27
		_main          		CODE           	0DAF	0000	69
		_delay2ms      		CODE           	07C9	0000	36
		_TEMPADC       		CODE           	0E42	0000	87
		_timer0_init   		CODE           	00F2	0000	13
		_serial_init   		CODE           	07EC	0000	17
		_UART_SendByte 		CODE           	0D25	0000	11

main.c estimated size: 294

